2025-03-13 18:00:46 [INFO] [task_scheduler.cc:160] Initializing Task #0: "main"
2025-03-13 18:00:46 [INFO] [task_scheduler.cc:35] 
# from tvm.script import ir as I
# from tvm.script import tir as T

@I.ir_module
class Module:
    @T.prim_func
    def main(A: T.Buffer((1, 1, 1026, 1026), "int64"), B: T.Buffer((2, 1, 3, 3), "int64"), C: T.Buffer((1, 2, 1024, 1024), "int64")):
        T.func_attr({"global_symbol": "Conv2d", "tir.noalias": T.bool(True)})
        # with T.block("root"):
        for b, q, k, i, j, di, dj in T.grid(1, 1, 2, 1024, 1024, 3, 3):
            with T.block("Conv"):
                vb, vq, vk, vi, vj, vdi, vdj = T.axis.remap("SSSSSRR", [b, q, k, i, j, di, dj])
                T.reads(A[vb, vq, vi + vdi, vj + vdj], B[vk, vq, vdi, vdj])
                T.writes(C[vb, vk, vi, vj])
                with T.init():
                    C[vb, vk, vi, vj] = T.int64(0)
                C[vb, vk, vi, vj] = A[vb, vq, vi + vdi, vj + vdj] * B[vk, vq, vdi, vdj] + C[vb, vk, vi, vj]
2025-03-13 18:00:46 [INFO] [task_scheduler.cc:164] Total 1 design space(s) generated
2025-03-13 18:00:46 [INFO] [task_scheduler.cc:170] Design space #0:
# from tvm.script import ir as I
# from tvm.script import tir as T

@I.ir_module
class Module:
    @T.prim_func
    def main(A: T.Buffer((1, 1, 1026, 1026), "int64"), B: T.Buffer((2, 1, 3, 3), "int64"), C: T.Buffer((1, 2, 1024, 1024), "int64")):
        T.func_attr({"global_symbol": "Conv2d", "tir.noalias": T.bool(True)})
        # with T.block("root"):
        for b, q, k, i_0, j_0, i_1, j_1 in T.grid(1, 1, 2, 64, 128, 16, 8):
            with T.block("Conv_init"):
                vb, vq, vk = T.axis.remap("SSS", [b, q, k])
                vi = T.axis.spatial(1024, i_0 * 16 + i_1)
                vj = T.axis.spatial(1024, j_0 * 8 + j_1)
                T.reads()
                T.writes(C[vb, vk, vi, vj])
                C[vb, vk, vi, vj] = T.int64(0)
            for di, dj in T.grid(3, 3):
                with T.block("Conv_update"):
                    vb, vq, vk = T.axis.remap("SSS", [b, q, k])
                    vi = T.axis.spatial(1024, i_0 * 16 + i_1)
                    vj = T.axis.spatial(1024, j_0 * 8 + j_1)
                    vdi, vdj = T.axis.remap("RR", [di, dj])
                    T.reads(C[vb, vk, vi, vj], A[vb, vq, vi + vdi, vj + vdj], B[vk, vq, vdi, vdj])
                    T.writes(C[vb, vk, vi, vj])
                    C[vb, vk, vi, vj] = A[vb, vq, vi + vdi, vj + vdj] * B[vk, vq, vdi, vdj] + C[vb, vk, vi, vj]
b0 = sch.get_block(name="Conv", func_name="main")
l1, l2, l3, l4, l5, l6, l7 = sch.get_loops(block=b0)
v8, v9 = sch.sample_perfect_tile(loop=l4, n=2, max_innermost_factor=16, decision=[64, 16])
l10, l11 = sch.split(loop=l4, factors=[v8, v9], preserve_unit_iters=True, disable_predication=False)
v12, v13 = sch.sample_perfect_tile(loop=l5, n=2, max_innermost_factor=16, decision=[128, 8])
l14, l15 = sch.split(loop=l5, factors=[v12, v13], preserve_unit_iters=True, disable_predication=False)
sch.reorder(l1, l2, l3, l10, l14, l11, l15, l6, l7)
b16 = sch.decompose_reduction(block=b0, loop=l6)
2025-03-13 18:00:46 [INFO] [evolutionary_search.cc:713] Generating candidates......
2025-03-13 18:00:46 [INFO] [evolutionary_search.cc:715] Picked top 0 candidate(s) from database
2025-03-13 18:00:46 [INFO] [evolutionary_search.cc:533] Sample-Init-Population summary:
Postproc #0 [meta_schedule.DisallowDynamicLoop(0x382ab3c8)]: 0 failure(s)
Postproc #1 [meta_schedule.RewriteParallelVectorizeUnroll(0x3816f638)]: 0 failure(s)
Postproc #2 [meta_schedule.RewriteReductionBlock(0x381a5398)]: 0 failure(s)
Postproc #3 [meta_schedule.RewriteLayout(0x3855e408)]: 0 failure(s)
2025-03-13 18:00:46 [INFO] [evolutionary_search.cc:723] Sampled 512 candidate(s)
2025-03-13 18:00:46 [INFO] [evolutionary_search.cc:621] Evolve iter #0 done. Summary:
Postproc #0 [meta_schedule.DisallowDynamicLoop(0x382ab3c8)]: 0 failure(s)
Postproc #1 [meta_schedule.RewriteParallelVectorizeUnroll(0x3816f638)]: 0 failure(s)
Postproc #2 [meta_schedule.RewriteReductionBlock(0x381a5398)]: 0 failure(s)
Postproc #3 [meta_schedule.RewriteLayout(0x3855e408)]: 0 failure(s)
2025-03-13 18:00:47 [INFO] [evolutionary_search.cc:621] Evolve iter #1 done. Summary:
Postproc #0 [meta_schedule.DisallowDynamicLoop(0x382ab3c8)]: 0 failure(s)
Postproc #1 [meta_schedule.RewriteParallelVectorizeUnroll(0x3816f638)]: 0 failure(s)
Postproc #2 [meta_schedule.RewriteReductionBlock(0x381a5398)]: 0 failure(s)
Postproc #3 [meta_schedule.RewriteLayout(0x3855e408)]: 0 failure(s)
2025-03-13 18:00:47 [INFO] [evolutionary_search.cc:621] Evolve iter #2 done. Summary:
Postproc #0 [meta_schedule.DisallowDynamicLoop(0x382ab3c8)]: 0 failure(s)
Postproc #1 [meta_schedule.RewriteParallelVectorizeUnroll(0x3816f638)]: 0 failure(s)
Postproc #2 [meta_schedule.RewriteReductionBlock(0x381a5398)]: 0 failure(s)
Postproc #3 [meta_schedule.RewriteLayout(0x3855e408)]: 0 failure(s)
2025-03-13 18:00:47 [INFO] [evolutionary_search.cc:621] Evolve iter #3 done. Summary:
Postproc #0 [meta_schedule.DisallowDynamicLoop(0x382ab3c8)]: 0 failure(s)
Postproc #1 [meta_schedule.RewriteParallelVectorizeUnroll(0x3816f638)]: 0 failure(s)
Postproc #2 [meta_schedule.RewriteReductionBlock(0x381a5398)]: 0 failure(s)
Postproc #3 [meta_schedule.RewriteLayout(0x3855e408)]: 0 failure(s)
2025-03-13 18:00:47 [INFO] [evolutionary_search.cc:649] Scores of the best 25 candidates:
[1 : 16]:	0.9907  0.9150  0.8754  0.8601  0.8044  0.8003  0.7063  0.6881  0.6459  0.6190  0.5845  0.4124  0.3872  0.3808  0.3687  0.3563
[17 : 25]:	0.2988  0.2710  0.2454  0.1831  0.1228  0.1158  0.1109  0.0543  0.0133
2025-03-13 18:00:47 [INFO] [evolutionary_search.cc:727] Got 25 candidate(s) with evolutionary search
2025-03-13 18:00:47 [INFO] [evolutionary_search.cc:730] Sending 25 candidates(s) for measurement
2025-03-13 18:00:58 [INFO] [task_scheduler.cc:131] [Task #0: main] Trial #1: GFLOPs: 6.4661. Time: 5837.9018 us. Best GFLOPs: 6.4661
2025-03-13 18:00:58 [INFO] [task_scheduler.cc:131] [Task #0: main] Trial #2: GFLOPs: 6.4358. Time: 5865.4165 us. Best GFLOPs: 6.4661
2025-03-13 18:00:58 [INFO] [task_scheduler.cc:131] [Task #0: main] Trial #3: GFLOPs: 6.7847. Time: 5563.8189 us. Best GFLOPs: 6.7847
2025-03-13 18:00:58 [INFO] [task_scheduler.cc:131] [Task #0: main] Trial #4: GFLOPs: 5.2955. Time: 7128.4216 us. Best GFLOPs: 6.7847
2025-03-13 18:00:58 [INFO] [task_scheduler.cc:131] [Task #0: main] Trial #5: GFLOPs: 6.3573. Time: 5937.8701 us. Best GFLOPs: 6.7847
2025-03-13 18:00:58 [INFO] [task_scheduler.cc:131] [Task #0: main] Trial #6: GFLOPs: 7.0800. Time: 5331.7097 us. Best GFLOPs: 7.0800
2025-03-13 18:00:58 [INFO] [task_scheduler.cc:131] [Task #0: main] Trial #7: GFLOPs: 7.0481. Time: 5355.8920 us. Best GFLOPs: 7.0800
2025-03-13 18:00:58 [INFO] [task_scheduler.cc:131] [Task #0: main] Trial #8: GFLOPs: 6.7871. Time: 5561.8437 us. Best GFLOPs: 7.0800
2025-03-13 18:00:58 [INFO] [task_scheduler.cc:131] [Task #0: main] Trial #9: GFLOPs: 6.8012. Time: 5550.3310 us. Best GFLOPs: 7.0800
2025-03-13 18:00:58 [INFO] [task_scheduler.cc:131] [Task #0: main] Trial #10: GFLOPs: 6.1198. Time: 6168.2879 us. Best GFLOPs: 7.0800
2025-03-13 18:00:58 [INFO] [task_scheduler.cc:131] [Task #0: main] Trial #11: GFLOPs: 7.0240. Time: 5374.2839 us. Best GFLOPs: 7.0800
2025-03-13 18:00:58 [INFO] [task_scheduler.cc:131] [Task #0: main] Trial #12: GFLOPs: 6.7685. Time: 5577.1018 us. Best GFLOPs: 7.0800
2025-03-13 18:00:58 [INFO] [task_scheduler.cc:131] [Task #0: main] Trial #13: GFLOPs: 6.9179. Time: 5456.6974 us. Best GFLOPs: 7.0800
2025-03-13 18:00:58 [INFO] [task_scheduler.cc:131] [Task #0: main] Trial #14: GFLOPs: 7.1537. Time: 5276.8295 us. Best GFLOPs: 7.1537
2025-03-13 18:00:58 [INFO] [task_scheduler.cc:131] [Task #0: main] Trial #15: GFLOPs: 6.9778. Time: 5409.8540 us. Best GFLOPs: 7.1537
2025-03-13 18:00:58 [INFO] [task_scheduler.cc:131] [Task #0: main] Trial #16: GFLOPs: 7.0053. Time: 5388.5962 us. Best GFLOPs: 7.1537
2025-03-13 18:00:58 [INFO] [task_scheduler.cc:131] [Task #0: main] Trial #17: GFLOPs: 6.9088. Time: 5463.8484 us. Best GFLOPs: 7.1537
2025-03-13 18:00:58 [INFO] [task_scheduler.cc:131] [Task #0: main] Trial #18: GFLOPs: 7.1071. Time: 5311.4059 us. Best GFLOPs: 7.1537
2025-03-13 18:00:58 [INFO] [task_scheduler.cc:131] [Task #0: main] Trial #19: GFLOPs: 6.8509. Time: 5510.0297 us. Best GFLOPs: 7.1537
2025-03-13 18:00:58 [INFO] [task_scheduler.cc:131] [Task #0: main] Trial #20: GFLOPs: 6.4090. Time: 5889.9113 us. Best GFLOPs: 7.1537
2025-03-13 18:00:58 [INFO] [task_scheduler.cc:131] [Task #0: main] Trial #21: GFLOPs: 6.8463. Time: 5513.7287 us. Best GFLOPs: 7.1537
2025-03-13 18:00:58 [INFO] [task_scheduler.cc:131] [Task #0: main] Trial #22: GFLOPs: 6.8736. Time: 5491.8807 us. Best GFLOPs: 7.1537
2025-03-13 18:00:58 [INFO] [task_scheduler.cc:131] [Task #0: main] Trial #23: GFLOPs: 7.1554. Time: 5275.5924 us. Best GFLOPs: 7.1554
2025-03-13 18:00:58 [INFO] [task_scheduler.cc:131] [Task #0: main] Trial #24: GFLOPs: 7.0059. Time: 5388.1395 us. Best GFLOPs: 7.1554
2025-03-13 18:00:58 [INFO] [task_scheduler.cc:131] [Task #0: main] Trial #25: GFLOPs: 7.1017. Time: 5315.4237 us. Best GFLOPs: 7.1554
2025-03-13 18:00:58 [INFO] [evolutionary_search.cc:713] Generating candidates......
2025-03-13 18:00:58 [INFO] [evolutionary_search.cc:715] Picked top 25 candidate(s) from database
2025-03-13 18:00:59 [INFO] [evolutionary_search.cc:533] Sample-Init-Population summary:
Postproc #0 [meta_schedule.DisallowDynamicLoop(0x382ab3c8)]: 0 failure(s)
Postproc #1 [meta_schedule.RewriteParallelVectorizeUnroll(0x3816f638)]: 0 failure(s)
Postproc #2 [meta_schedule.RewriteReductionBlock(0x381a5398)]: 0 failure(s)
Postproc #3 [meta_schedule.RewriteLayout(0x3855e408)]: 0 failure(s)
2025-03-13 18:00:59 [INFO] [evolutionary_search.cc:723] Sampled 487 candidate(s)
2025-03-13 18:00:59 [INFO] [evolutionary_search.cc:621] Evolve iter #0 done. Summary:
Postproc #0 [meta_schedule.DisallowDynamicLoop(0x382ab3c8)]: 0 failure(s)
Postproc #1 [meta_schedule.RewriteParallelVectorizeUnroll(0x3816f638)]: 0 failure(s)
Postproc #2 [meta_schedule.RewriteReductionBlock(0x381a5398)]: 0 failure(s)
Postproc #3 [meta_schedule.RewriteLayout(0x3855e408)]: 0 failure(s)
2025-03-13 18:00:59 [INFO] [evolutionary_search.cc:621] Evolve iter #1 done. Summary:
Postproc #0 [meta_schedule.DisallowDynamicLoop(0x382ab3c8)]: 0 failure(s)
Postproc #1 [meta_schedule.RewriteParallelVectorizeUnroll(0x3816f638)]: 0 failure(s)
Postproc #2 [meta_schedule.RewriteReductionBlock(0x381a5398)]: 0 failure(s)
Postproc #3 [meta_schedule.RewriteLayout(0x3855e408)]: 0 failure(s)
2025-03-13 18:00:59 [INFO] [evolutionary_search.cc:621] Evolve iter #2 done. Summary:
Postproc #0 [meta_schedule.DisallowDynamicLoop(0x382ab3c8)]: 0 failure(s)
Postproc #1 [meta_schedule.RewriteParallelVectorizeUnroll(0x3816f638)]: 0 failure(s)
Postproc #2 [meta_schedule.RewriteReductionBlock(0x381a5398)]: 0 failure(s)
Postproc #3 [meta_schedule.RewriteLayout(0x3855e408)]: 0 failure(s)
2025-03-13 18:00:59 [INFO] [evolutionary_search.cc:621] Evolve iter #3 done. Summary:
Postproc #0 [meta_schedule.DisallowDynamicLoop(0x382ab3c8)]: 0 failure(s)
Postproc #1 [meta_schedule.RewriteParallelVectorizeUnroll(0x3816f638)]: 0 failure(s)
Postproc #2 [meta_schedule.RewriteReductionBlock(0x381a5398)]: 0 failure(s)
Postproc #3 [meta_schedule.RewriteLayout(0x3855e408)]: 0 failure(s)
2025-03-13 18:00:59 [INFO] [evolutionary_search.cc:649] Scores of the best 0 candidates:
2025-03-13 18:00:59 [INFO] [evolutionary_search.cc:727] Got 0 candidate(s) with evolutionary search
2025-03-13 18:00:59 [INFO] [evolutionary_search.cc:730] Sending 0 candidates(s) for measurement
2025-03-13 18:00:59 [INFO] [evolutionary_search.cc:713] Generating candidates......
2025-03-13 18:00:59 [INFO] [evolutionary_search.cc:715] Picked top 25 candidate(s) from database
2025-03-13 18:00:59 [INFO] [evolutionary_search.cc:533] Sample-Init-Population summary:
Postproc #0 [meta_schedule.DisallowDynamicLoop(0x382ab3c8)]: 0 failure(s)
Postproc #1 [meta_schedule.RewriteParallelVectorizeUnroll(0x3816f638)]: 0 failure(s)
Postproc #2 [meta_schedule.RewriteReductionBlock(0x381a5398)]: 0 failure(s)
Postproc #3 [meta_schedule.RewriteLayout(0x3855e408)]: 0 failure(s)
2025-03-13 18:00:59 [INFO] [evolutionary_search.cc:723] Sampled 487 candidate(s)
2025-03-13 18:01:00 [INFO] [evolutionary_search.cc:621] Evolve iter #0 done. Summary:
Postproc #0 [meta_schedule.DisallowDynamicLoop(0x382ab3c8)]: 0 failure(s)
Postproc #1 [meta_schedule.RewriteParallelVectorizeUnroll(0x3816f638)]: 0 failure(s)
Postproc #2 [meta_schedule.RewriteReductionBlock(0x381a5398)]: 0 failure(s)
Postproc #3 [meta_schedule.RewriteLayout(0x3855e408)]: 0 failure(s)
2025-03-13 18:01:00 [INFO] [evolutionary_search.cc:621] Evolve iter #1 done. Summary:
Postproc #0 [meta_schedule.DisallowDynamicLoop(0x382ab3c8)]: 0 failure(s)
Postproc #1 [meta_schedule.RewriteParallelVectorizeUnroll(0x3816f638)]: 0 failure(s)
Postproc #2 [meta_schedule.RewriteReductionBlock(0x381a5398)]: 0 failure(s)
Postproc #3 [meta_schedule.RewriteLayout(0x3855e408)]: 0 failure(s)
2025-03-13 18:01:00 [INFO] [evolutionary_search.cc:621] Evolve iter #2 done. Summary:
Postproc #0 [meta_schedule.DisallowDynamicLoop(0x382ab3c8)]: 0 failure(s)
Postproc #1 [meta_schedule.RewriteParallelVectorizeUnroll(0x3816f638)]: 0 failure(s)
Postproc #2 [meta_schedule.RewriteReductionBlock(0x381a5398)]: 0 failure(s)
Postproc #3 [meta_schedule.RewriteLayout(0x3855e408)]: 0 failure(s)
2025-03-13 18:01:00 [INFO] [evolutionary_search.cc:621] Evolve iter #3 done. Summary:
Postproc #0 [meta_schedule.DisallowDynamicLoop(0x382ab3c8)]: 0 failure(s)
Postproc #1 [meta_schedule.RewriteParallelVectorizeUnroll(0x3816f638)]: 0 failure(s)
Postproc #2 [meta_schedule.RewriteReductionBlock(0x381a5398)]: 0 failure(s)
Postproc #3 [meta_schedule.RewriteLayout(0x3855e408)]: 0 failure(s)
2025-03-13 18:01:00 [INFO] [evolutionary_search.cc:649] Scores of the best 0 candidates:
2025-03-13 18:01:00 [INFO] [evolutionary_search.cc:727] Got 0 candidate(s) with evolutionary search
2025-03-13 18:01:00 [INFO] [evolutionary_search.cc:730] Sending 0 candidates(s) for measurement
2025-03-13 18:01:00 [INFO] [evolutionary_search.cc:713] Generating candidates......
2025-03-13 18:01:00 [INFO] [evolutionary_search.cc:715] Picked top 25 candidate(s) from database
2025-03-13 18:01:00 [INFO] [evolutionary_search.cc:533] Sample-Init-Population summary:
Postproc #0 [meta_schedule.DisallowDynamicLoop(0x382ab3c8)]: 0 failure(s)
Postproc #1 [meta_schedule.RewriteParallelVectorizeUnroll(0x3816f638)]: 0 failure(s)
Postproc #2 [meta_schedule.RewriteReductionBlock(0x381a5398)]: 0 failure(s)
Postproc #3 [meta_schedule.RewriteLayout(0x3855e408)]: 0 failure(s)
2025-03-13 18:01:00 [INFO] [evolutionary_search.cc:723] Sampled 487 candidate(s)
2025-03-13 18:01:01 [INFO] [evolutionary_search.cc:621] Evolve iter #0 done. Summary:
Postproc #0 [meta_schedule.DisallowDynamicLoop(0x382ab3c8)]: 0 failure(s)
Postproc #1 [meta_schedule.RewriteParallelVectorizeUnroll(0x3816f638)]: 0 failure(s)
Postproc #2 [meta_schedule.RewriteReductionBlock(0x381a5398)]: 0 failure(s)
Postproc #3 [meta_schedule.RewriteLayout(0x3855e408)]: 0 failure(s)
2025-03-13 18:01:01 [INFO] [evolutionary_search.cc:621] Evolve iter #1 done. Summary:
Postproc #0 [meta_schedule.DisallowDynamicLoop(0x382ab3c8)]: 0 failure(s)
Postproc #1 [meta_schedule.RewriteParallelVectorizeUnroll(0x3816f638)]: 0 failure(s)
Postproc #2 [meta_schedule.RewriteReductionBlock(0x381a5398)]: 0 failure(s)
Postproc #3 [meta_schedule.RewriteLayout(0x3855e408)]: 0 failure(s)
2025-03-13 18:01:01 [INFO] [evolutionary_search.cc:621] Evolve iter #2 done. Summary:
Postproc #0 [meta_schedule.DisallowDynamicLoop(0x382ab3c8)]: 0 failure(s)
Postproc #1 [meta_schedule.RewriteParallelVectorizeUnroll(0x3816f638)]: 0 failure(s)
Postproc #2 [meta_schedule.RewriteReductionBlock(0x381a5398)]: 0 failure(s)
Postproc #3 [meta_schedule.RewriteLayout(0x3855e408)]: 0 failure(s)
2025-03-13 18:01:01 [INFO] [evolutionary_search.cc:621] Evolve iter #3 done. Summary:
Postproc #0 [meta_schedule.DisallowDynamicLoop(0x382ab3c8)]: 0 failure(s)
Postproc #1 [meta_schedule.RewriteParallelVectorizeUnroll(0x3816f638)]: 0 failure(s)
Postproc #2 [meta_schedule.RewriteReductionBlock(0x381a5398)]: 0 failure(s)
Postproc #3 [meta_schedule.RewriteLayout(0x3855e408)]: 0 failure(s)
2025-03-13 18:01:01 [INFO] [evolutionary_search.cc:649] Scores of the best 0 candidates:
2025-03-13 18:01:01 [INFO] [evolutionary_search.cc:727] Got 0 candidate(s) with evolutionary search
2025-03-13 18:01:01 [INFO] [evolutionary_search.cc:730] Sending 0 candidates(s) for measurement
2025-03-13 18:01:01 [INFO] [evolutionary_search.cc:713] Generating candidates......
2025-03-13 18:01:01 [INFO] [evolutionary_search.cc:715] Picked top 25 candidate(s) from database
2025-03-13 18:01:01 [INFO] [evolutionary_search.cc:533] Sample-Init-Population summary:
Postproc #0 [meta_schedule.DisallowDynamicLoop(0x382ab3c8)]: 0 failure(s)
Postproc #1 [meta_schedule.RewriteParallelVectorizeUnroll(0x3816f638)]: 0 failure(s)
Postproc #2 [meta_schedule.RewriteReductionBlock(0x381a5398)]: 0 failure(s)
Postproc #3 [meta_schedule.RewriteLayout(0x3855e408)]: 0 failure(s)
2025-03-13 18:01:01 [INFO] [evolutionary_search.cc:723] Sampled 487 candidate(s)
2025-03-13 18:01:01 [INFO] [evolutionary_search.cc:621] Evolve iter #0 done. Summary:
Postproc #0 [meta_schedule.DisallowDynamicLoop(0x382ab3c8)]: 0 failure(s)
Postproc #1 [meta_schedule.RewriteParallelVectorizeUnroll(0x3816f638)]: 0 failure(s)
Postproc #2 [meta_schedule.RewriteReductionBlock(0x381a5398)]: 0 failure(s)
Postproc #3 [meta_schedule.RewriteLayout(0x3855e408)]: 0 failure(s)
2025-03-13 18:01:02 [INFO] [evolutionary_search.cc:621] Evolve iter #1 done. Summary:
Postproc #0 [meta_schedule.DisallowDynamicLoop(0x382ab3c8)]: 0 failure(s)
Postproc #1 [meta_schedule.RewriteParallelVectorizeUnroll(0x3816f638)]: 0 failure(s)
Postproc #2 [meta_schedule.RewriteReductionBlock(0x381a5398)]: 0 failure(s)
Postproc #3 [meta_schedule.RewriteLayout(0x3855e408)]: 0 failure(s)
2025-03-13 18:01:02 [INFO] [evolutionary_search.cc:621] Evolve iter #2 done. Summary:
Postproc #0 [meta_schedule.DisallowDynamicLoop(0x382ab3c8)]: 0 failure(s)
Postproc #1 [meta_schedule.RewriteParallelVectorizeUnroll(0x3816f638)]: 0 failure(s)
Postproc #2 [meta_schedule.RewriteReductionBlock(0x381a5398)]: 0 failure(s)
Postproc #3 [meta_schedule.RewriteLayout(0x3855e408)]: 0 failure(s)
2025-03-13 18:01:02 [INFO] [evolutionary_search.cc:621] Evolve iter #3 done. Summary:
Postproc #0 [meta_schedule.DisallowDynamicLoop(0x382ab3c8)]: 0 failure(s)
Postproc #1 [meta_schedule.RewriteParallelVectorizeUnroll(0x3816f638)]: 0 failure(s)
Postproc #2 [meta_schedule.RewriteReductionBlock(0x381a5398)]: 0 failure(s)
Postproc #3 [meta_schedule.RewriteLayout(0x3855e408)]: 0 failure(s)
2025-03-13 18:01:02 [INFO] [evolutionary_search.cc:649] Scores of the best 0 candidates:
2025-03-13 18:01:02 [INFO] [evolutionary_search.cc:727] Got 0 candidate(s) with evolutionary search
2025-03-13 18:01:02 [INFO] [evolutionary_search.cc:730] Sending 0 candidates(s) for measurement
2025-03-13 18:01:02 [INFO] [evolutionary_search.cc:713] Generating candidates......
2025-03-13 18:01:02 [INFO] [evolutionary_search.cc:715] Picked top 25 candidate(s) from database
2025-03-13 18:01:02 [INFO] [evolutionary_search.cc:533] Sample-Init-Population summary:
Postproc #0 [meta_schedule.DisallowDynamicLoop(0x382ab3c8)]: 0 failure(s)
Postproc #1 [meta_schedule.RewriteParallelVectorizeUnroll(0x3816f638)]: 0 failure(s)
Postproc #2 [meta_schedule.RewriteReductionBlock(0x381a5398)]: 0 failure(s)
Postproc #3 [meta_schedule.RewriteLayout(0x3855e408)]: 0 failure(s)
2025-03-13 18:01:02 [INFO] [evolutionary_search.cc:723] Sampled 487 candidate(s)
2025-03-13 18:01:02 [INFO] [evolutionary_search.cc:621] Evolve iter #0 done. Summary:
Postproc #0 [meta_schedule.DisallowDynamicLoop(0x382ab3c8)]: 0 failure(s)
Postproc #1 [meta_schedule.RewriteParallelVectorizeUnroll(0x3816f638)]: 0 failure(s)
Postproc #2 [meta_schedule.RewriteReductionBlock(0x381a5398)]: 0 failure(s)
Postproc #3 [meta_schedule.RewriteLayout(0x3855e408)]: 0 failure(s)
2025-03-13 18:01:02 [INFO] [evolutionary_search.cc:621] Evolve iter #1 done. Summary:
Postproc #0 [meta_schedule.DisallowDynamicLoop(0x382ab3c8)]: 0 failure(s)
Postproc #1 [meta_schedule.RewriteParallelVectorizeUnroll(0x3816f638)]: 0 failure(s)
Postproc #2 [meta_schedule.RewriteReductionBlock(0x381a5398)]: 0 failure(s)
Postproc #3 [meta_schedule.RewriteLayout(0x3855e408)]: 0 failure(s)
2025-03-13 18:01:03 [INFO] [evolutionary_search.cc:621] Evolve iter #2 done. Summary:
Postproc #0 [meta_schedule.DisallowDynamicLoop(0x382ab3c8)]: 0 failure(s)
Postproc #1 [meta_schedule.RewriteParallelVectorizeUnroll(0x3816f638)]: 0 failure(s)
Postproc #2 [meta_schedule.RewriteReductionBlock(0x381a5398)]: 0 failure(s)
Postproc #3 [meta_schedule.RewriteLayout(0x3855e408)]: 0 failure(s)
2025-03-13 18:01:03 [INFO] [evolutionary_search.cc:621] Evolve iter #3 done. Summary:
Postproc #0 [meta_schedule.DisallowDynamicLoop(0x382ab3c8)]: 0 failure(s)
Postproc #1 [meta_schedule.RewriteParallelVectorizeUnroll(0x3816f638)]: 0 failure(s)
Postproc #2 [meta_schedule.RewriteReductionBlock(0x381a5398)]: 0 failure(s)
Postproc #3 [meta_schedule.RewriteLayout(0x3855e408)]: 0 failure(s)
2025-03-13 18:01:03 [INFO] [evolutionary_search.cc:649] Scores of the best 0 candidates:
2025-03-13 18:01:03 [INFO] [evolutionary_search.cc:727] Got 0 candidate(s) with evolutionary search
2025-03-13 18:01:03 [INFO] [evolutionary_search.cc:730] Sending 0 candidates(s) for measurement
2025-03-13 18:01:05 [INFO] [task_scheduler.cc:160] Initializing Task #0: "main"
2025-03-13 18:01:05 [INFO] [task_scheduler.cc:35] 
# from tvm.script import ir as I
# from tvm.script import tir as T

@I.ir_module
class Module:
    @T.prim_func
    def main(A: T.Buffer((1, 1, 1026, 1026), "int64"), B: T.Buffer((2, 1, 3, 3), "int64"), C: T.Buffer((1, 2, 1024, 1024), "int64")):
        T.func_attr({"global_symbol": "Conv2d", "tir.noalias": T.bool(True)})
        # with T.block("root"):
        for b, q, k, i, j, di, dj in T.grid(1, 1, 2, 1024, 1024, 3, 3):
            with T.block("Conv"):
                vb, vq, vk, vi, vj, vdi, vdj = T.axis.remap("SSSSSRR", [b, q, k, i, j, di, dj])
                T.reads(A[vb, vq, vi + vdi, vj + vdj], B[vk, vq, vdi, vdj])
                T.writes(C[vb, vk, vi, vj])
                with T.init():
                    C[vb, vk, vi, vj] = T.int64(0)
                C[vb, vk, vi, vj] = A[vb, vq, vi + vdi, vj + vdj] * B[vk, vq, vdi, vdj] + C[vb, vk, vi, vj]
2025-03-13 18:01:05 [INFO] [task_scheduler.cc:164] Total 3 design space(s) generated
2025-03-13 18:01:05 [INFO] [task_scheduler.cc:170] Design space #0:
# from tvm.script import ir as I
# from tvm.script import tir as T

@I.ir_module
class Module:
    @T.prim_func
    def main(A: T.Buffer((1, 1, 1026, 1026), "int64"), B: T.Buffer((2, 1, 3, 3), "int64"), C: T.Buffer((1, 2, 1024, 1024), "int64")):
        T.func_attr({"global_symbol": "Conv2d", "tir.noalias": T.bool(True)})
        with T.block("root"):
            T.reads()
            T.writes()
            T.block_attr({"meta_schedule.parallel": 64, "meta_schedule.unroll_explicit": 64, "meta_schedule.vectorize": 64})
            C_global = T.alloc_buffer((1, 2, 1024, 1024), "int64")
            for b_0, q_0, k_0, i_0, j_0, b_1, q_1, k_1, i_1, j_1 in T.grid(1, 1, 1, 8, 4, 1, 1, 1, 64, 128):
                for di_0, dj_0, b_2, q_2, k_2, i_2, j_2, di_1, dj_1, b_3, q_3, k_3, i_3, j_3 in T.grid(1, 1, 1, 1, 2, 2, 2, 3, 3, 1, 1, 1, 1, 1):
                    with T.block("Conv"):
                        vb = T.axis.spatial(1, b_0 + b_1 + b_2 + b_3)
                        vq = T.axis.spatial(1, q_0 + q_1 + q_2 + q_3)
                        vk = T.axis.spatial(2, k_0 * 2 + k_1 * 2 + k_2 + k_3)
                        vi = T.axis.spatial(1024, i_0 * 128 + i_1 * 2 + i_2 + i_3)
                        vj = T.axis.spatial(1024, j_0 * 256 + j_1 * 2 + j_2 + j_3)
                        vdi = T.axis.reduce(3, di_0 * 3 + di_1)
                        vdj = T.axis.reduce(3, dj_0 * 3 + dj_1)
                        T.reads(A[vb, vq, vi + vdi, vj + vdj], B[vk, vq, vdi, vdj])
                        T.writes(C_global[vb, vk, vi, vj])
                        T.block_attr({"meta_schedule.tiling_structure": "SSRSRS"})
                        with T.init():
                            C_global[vb, vk, vi, vj] = T.int64(0)
                        C_global[vb, vk, vi, vj] = A[vb, vq, vi + vdi, vj + vdj] * B[vk, vq, vdi, vdj] + C_global[vb, vk, vi, vj]
                for ax0, ax1, ax2, ax3 in T.grid(1, 2, 2, 2):
                    with T.block("C_global"):
                        v0, v1 = T.axis.remap("SS", [ax0, ax1])
                        v2 = T.axis.spatial(1024, i_0 * 128 + i_1 * 2 + ax2)
                        v3 = T.axis.spatial(1024, j_0 * 256 + j_1 * 2 + ax3)
                        T.reads(C_global[v0, v1, v2, v3])
                        T.writes(C[v0, v1, v2, v3])
                        C[v0, v1, v2, v3] = C_global[v0, v1, v2, v3]
b0 = sch.get_block(name="Conv", func_name="main")
b1 = sch.get_block(name="root", func_name="main")
sch.annotate(block_or_loop=b0, ann_key="meta_schedule.tiling_structure", ann_val="SSRSRS")
l2, l3, l4, l5, l6, l7, l8 = sch.get_loops(block=b0)
v9, v10, v11, v12 = sch.sample_perfect_tile(loop=l2, n=4, max_innermost_factor=64, decision=[1, 1, 1, 1])
l13, l14, l15, l16 = sch.split(loop=l2, factors=[v9, v10, v11, v12], preserve_unit_iters=True, disable_predication=False)
v17, v18, v19, v20 = sch.sample_perfect_tile(loop=l3, n=4, max_innermost_factor=64, decision=[1, 1, 1, 1])
l21, l22, l23, l24 = sch.split(loop=l3, factors=[v17, v18, v19, v20], preserve_unit_iters=True, disable_predication=False)
v25, v26, v27, v28 = sch.sample_perfect_tile(loop=l4, n=4, max_innermost_factor=64, decision=[1, 1, 2, 1])
l29, l30, l31, l32 = sch.split(loop=l4, factors=[v25, v26, v27, v28], preserve_unit_iters=True, disable_predication=False)
v33, v34, v35, v36 = sch.sample_perfect_tile(loop=l5, n=4, max_innermost_factor=64, decision=[8, 64, 2, 1])
l37, l38, l39, l40 = sch.split(loop=l5, factors=[v33, v34, v35, v36], preserve_unit_iters=True, disable_predication=False)
v41, v42, v43, v44 = sch.sample_perfect_tile(loop=l6, n=4, max_innermost_factor=64, decision=[4, 128, 2, 1])
l45, l46, l47, l48 = sch.split(loop=l6, factors=[v41, v42, v43, v44], preserve_unit_iters=True, disable_predication=False)
v49, v50 = sch.sample_perfect_tile(loop=l7, n=2, max_innermost_factor=64, decision=[1, 3])
l51, l52 = sch.split(loop=l7, factors=[v49, v50], preserve_unit_iters=True, disable_predication=False)
v53, v54 = sch.sample_perfect_tile(loop=l8, n=2, max_innermost_factor=64, decision=[1, 3])
l55, l56 = sch.split(loop=l8, factors=[v53, v54], preserve_unit_iters=True, disable_predication=False)
sch.reorder(l13, l21, l29, l37, l45, l14, l22, l30, l38, l46, l51, l55, l15, l23, l31, l39, l47, l52, l56, l16, l24, l32, l40, l48)
b57 = sch.cache_write(block=b0, write_buffer_index=0, storage_scope="global")
sch.reverse_compute_at(block=b57, loop=l46, preserve_unit_loops=True, index=-1)
sch.annotate(block_or_loop=b1, ann_key="meta_schedule.parallel", ann_val=64)
sch.annotate(block_or_loop=b1, ann_key="meta_schedule.vectorize", ann_val=64)
v58 = sch.sample_categorical(candidates=[0, 16, 64, 512], probs=[0.25, 0.25, 0.25, 0.25], decision=2)
sch.annotate(block_or_loop=b1, ann_key="meta_schedule.unroll_explicit", ann_val=v58)
2025-03-13 18:01:05 [INFO] [task_scheduler.cc:170] Design space #1:
# from tvm.script import ir as I
# from tvm.script import tir as T

@I.ir_module
class Module:
    @T.prim_func
    def main(A: T.Buffer((1, 1, 1026, 1026), "int64"), B: T.Buffer((2, 1, 3, 3), "int64"), C: T.Buffer((1, 2, 1024, 1024), "int64")):
        T.func_attr({"global_symbol": "Conv2d", "tir.noalias": T.bool(True)})
        with T.block("root"):
            T.reads()
            T.writes()
            T.block_attr({"meta_schedule.parallel": 64, "meta_schedule.unroll_explicit": 16, "meta_schedule.vectorize": 64})
            C_global = T.alloc_buffer((1, 2, 1024, 1024), "int64")
            for b_0, q_0, k_0, i_0, j_0 in T.grid(1, 1, 1, 8, 4):
                for b_1, q_1, k_1, i_1, j_1, di_0, dj_0, b_2, q_2, k_2, i_2, j_2, di_1, dj_1, b_3, q_3, k_3, i_3, j_3 in T.grid(1, 1, 1, 64, 128, 1, 1, 1, 1, 2, 2, 2, 3, 3, 1, 1, 1, 1, 1):
                    with T.block("Conv"):
                        vb = T.axis.spatial(1, b_0 + b_1 + b_2 + b_3)
                        vq = T.axis.spatial(1, q_0 + q_1 + q_2 + q_3)
                        vk = T.axis.spatial(2, k_0 * 2 + k_1 * 2 + k_2 + k_3)
                        vi = T.axis.spatial(1024, i_0 * 128 + i_1 * 2 + i_2 + i_3)
                        vj = T.axis.spatial(1024, j_0 * 256 + j_1 * 2 + j_2 + j_3)
                        vdi = T.axis.reduce(3, di_0 * 3 + di_1)
                        vdj = T.axis.reduce(3, dj_0 * 3 + dj_1)
                        T.reads(A[vb, vq, vi + vdi, vj + vdj], B[vk, vq, vdi, vdj])
                        T.writes(C_global[vb, vk, vi, vj])
                        T.block_attr({"meta_schedule.tiling_structure": "SSRSRS"})
                        with T.init():
                            C_global[vb, vk, vi, vj] = T.int64(0)
                        C_global[vb, vk, vi, vj] = A[vb, vq, vi + vdi, vj + vdj] * B[vk, vq, vdi, vdj] + C_global[vb, vk, vi, vj]
                for ax0, ax1, ax2, ax3 in T.grid(1, 2, 128, 256):
                    with T.block("C_global"):
                        v0, v1 = T.axis.remap("SS", [ax0, ax1])
                        v2 = T.axis.spatial(1024, i_0 * 128 + ax2)
                        v3 = T.axis.spatial(1024, j_0 * 256 + ax3)
                        T.reads(C_global[v0, v1, v2, v3])
                        T.writes(C[v0, v1, v2, v3])
                        C[v0, v1, v2, v3] = C_global[v0, v1, v2, v3]
b0 = sch.get_block(name="Conv", func_name="main")
b1 = sch.get_block(name="root", func_name="main")
sch.annotate(block_or_loop=b0, ann_key="meta_schedule.tiling_structure", ann_val="SSRSRS")
l2, l3, l4, l5, l6, l7, l8 = sch.get_loops(block=b0)
v9, v10, v11, v12 = sch.sample_perfect_tile(loop=l2, n=4, max_innermost_factor=64, decision=[1, 1, 1, 1])
l13, l14, l15, l16 = sch.split(loop=l2, factors=[v9, v10, v11, v12], preserve_unit_iters=True, disable_predication=False)
v17, v18, v19, v20 = sch.sample_perfect_tile(loop=l3, n=4, max_innermost_factor=64, decision=[1, 1, 1, 1])
l21, l22, l23, l24 = sch.split(loop=l3, factors=[v17, v18, v19, v20], preserve_unit_iters=True, disable_predication=False)
v25, v26, v27, v28 = sch.sample_perfect_tile(loop=l4, n=4, max_innermost_factor=64, decision=[1, 1, 2, 1])
l29, l30, l31, l32 = sch.split(loop=l4, factors=[v25, v26, v27, v28], preserve_unit_iters=True, disable_predication=False)
v33, v34, v35, v36 = sch.sample_perfect_tile(loop=l5, n=4, max_innermost_factor=64, decision=[8, 64, 2, 1])
l37, l38, l39, l40 = sch.split(loop=l5, factors=[v33, v34, v35, v36], preserve_unit_iters=True, disable_predication=False)
v41, v42, v43, v44 = sch.sample_perfect_tile(loop=l6, n=4, max_innermost_factor=64, decision=[4, 128, 2, 1])
l45, l46, l47, l48 = sch.split(loop=l6, factors=[v41, v42, v43, v44], preserve_unit_iters=True, disable_predication=False)
v49, v50 = sch.sample_perfect_tile(loop=l7, n=2, max_innermost_factor=64, decision=[1, 3])
l51, l52 = sch.split(loop=l7, factors=[v49, v50], preserve_unit_iters=True, disable_predication=False)
v53, v54 = sch.sample_perfect_tile(loop=l8, n=2, max_innermost_factor=64, decision=[1, 3])
l55, l56 = sch.split(loop=l8, factors=[v53, v54], preserve_unit_iters=True, disable_predication=False)
sch.reorder(l13, l21, l29, l37, l45, l14, l22, l30, l38, l46, l51, l55, l15, l23, l31, l39, l47, l52, l56, l16, l24, l32, l40, l48)
b57 = sch.cache_write(block=b0, write_buffer_index=0, storage_scope="global")
sch.reverse_compute_at(block=b57, loop=l45, preserve_unit_loops=True, index=-1)
sch.annotate(block_or_loop=b1, ann_key="meta_schedule.parallel", ann_val=64)
sch.annotate(block_or_loop=b1, ann_key="meta_schedule.vectorize", ann_val=64)
v58 = sch.sample_categorical(candidates=[0, 16, 64, 512], probs=[0.25, 0.25, 0.25, 0.25], decision=1)
sch.annotate(block_or_loop=b1, ann_key="meta_schedule.unroll_explicit", ann_val=v58)
2025-03-13 18:01:05 [INFO] [task_scheduler.cc:170] Design space #2:
# from tvm.script import ir as I
# from tvm.script import tir as T

@I.ir_module
class Module:
    @T.prim_func
    def main(A: T.Buffer((1, 1, 1026, 1026), "int64"), B: T.Buffer((2, 1, 3, 3), "int64"), C: T.Buffer((1, 2, 1024, 1024), "int64")):
        T.func_attr({"global_symbol": "Conv2d", "tir.noalias": T.bool(True)})
        with T.block("root"):
            T.reads()
            T.writes()
            T.block_attr({"meta_schedule.parallel": 64, "meta_schedule.unroll_explicit": 16, "meta_schedule.vectorize": 64})
            for b_0, q_0, k_0, i_0, j_0, b_1, q_1, k_1, i_1, j_1, di_0, dj_0, b_2, q_2, k_2, i_2, j_2, di_1, dj_1, b_3, q_3, k_3, i_3, j_3 in T.grid(1, 1, 1, 8, 4, 1, 1, 1, 64, 128, 1, 1, 1, 1, 2, 2, 2, 3, 3, 1, 1, 1, 1, 1):
                with T.block("Conv"):
                    vb = T.axis.spatial(1, b_0 + b_1 + b_2 + b_3)
                    vq = T.axis.spatial(1, q_0 + q_1 + q_2 + q_3)
                    vk = T.axis.spatial(2, k_0 * 2 + k_1 * 2 + k_2 + k_3)
                    vi = T.axis.spatial(1024, i_0 * 128 + i_1 * 2 + i_2 + i_3)
                    vj = T.axis.spatial(1024, j_0 * 256 + j_1 * 2 + j_2 + j_3)
                    vdi = T.axis.reduce(3, di_0 * 3 + di_1)
                    vdj = T.axis.reduce(3, dj_0 * 3 + dj_1)
                    T.reads(A[vb, vq, vi + vdi, vj + vdj], B[vk, vq, vdi, vdj])
                    T.writes(C[vb, vk, vi, vj])
                    T.block_attr({"meta_schedule.tiling_structure": "SSRSRS"})
                    with T.init():
                        C[vb, vk, vi, vj] = T.int64(0)
                    C[vb, vk, vi, vj] = A[vb, vq, vi + vdi, vj + vdj] * B[vk, vq, vdi, vdj] + C[vb, vk, vi, vj]
b0 = sch.get_block(name="Conv", func_name="main")
b1 = sch.get_block(name="root", func_name="main")
sch.annotate(block_or_loop=b0, ann_key="meta_schedule.tiling_structure", ann_val="SSRSRS")
l2, l3, l4, l5, l6, l7, l8 = sch.get_loops(block=b0)
v9, v10, v11, v12 = sch.sample_perfect_tile(loop=l2, n=4, max_innermost_factor=64, decision=[1, 1, 1, 1])
l13, l14, l15, l16 = sch.split(loop=l2, factors=[v9, v10, v11, v12], preserve_unit_iters=True, disable_predication=False)
v17, v18, v19, v20 = sch.sample_perfect_tile(loop=l3, n=4, max_innermost_factor=64, decision=[1, 1, 1, 1])
l21, l22, l23, l24 = sch.split(loop=l3, factors=[v17, v18, v19, v20], preserve_unit_iters=True, disable_predication=False)
v25, v26, v27, v28 = sch.sample_perfect_tile(loop=l4, n=4, max_innermost_factor=64, decision=[1, 1, 2, 1])
l29, l30, l31, l32 = sch.split(loop=l4, factors=[v25, v26, v27, v28], preserve_unit_iters=True, disable_predication=False)
v33, v34, v35, v36 = sch.sample_perfect_tile(loop=l5, n=4, max_innermost_factor=64, decision=[8, 64, 2, 1])
l37, l38, l39, l40 = sch.split(loop=l5, factors=[v33, v34, v35, v36], preserve_unit_iters=True, disable_predication=False)
v41, v42, v43, v44 = sch.sample_perfect_tile(loop=l6, n=4, max_innermost_factor=64, decision=[4, 128, 2, 1])
l45, l46, l47, l48 = sch.split(loop=l6, factors=[v41, v42, v43, v44], preserve_unit_iters=True, disable_predication=False)
v49, v50 = sch.sample_perfect_tile(loop=l7, n=2, max_innermost_factor=64, decision=[1, 3])
l51, l52 = sch.split(loop=l7, factors=[v49, v50], preserve_unit_iters=True, disable_predication=False)
v53, v54 = sch.sample_perfect_tile(loop=l8, n=2, max_innermost_factor=64, decision=[1, 3])
l55, l56 = sch.split(loop=l8, factors=[v53, v54], preserve_unit_iters=True, disable_predication=False)
sch.reorder(l13, l21, l29, l37, l45, l14, l22, l30, l38, l46, l51, l55, l15, l23, l31, l39, l47, l52, l56, l16, l24, l32, l40, l48)
sch.annotate(block_or_loop=b1, ann_key="meta_schedule.parallel", ann_val=64)
sch.annotate(block_or_loop=b1, ann_key="meta_schedule.vectorize", ann_val=64)
v57 = sch.sample_categorical(candidates=[0, 16, 64, 512], probs=[0.25, 0.25, 0.25, 0.25], decision=1)
sch.annotate(block_or_loop=b1, ann_key="meta_schedule.unroll_explicit", ann_val=v57)
2025-03-13 18:01:05 [INFO] [evolutionary_search.cc:713] Generating candidates......
2025-03-13 18:01:05 [INFO] [evolutionary_search.cc:715] Picked top 25 candidate(s) from database
2025-03-13 18:01:06 [INFO] [evolutionary_search.cc:533] Sample-Init-Population summary:
Postproc #0 [meta_schedule.DisallowDynamicLoop(0x3851f648)]: 0 failure(s)
Postproc #1 [meta_schedule.RewriteParallelVectorizeUnroll(0x38358838)]: 0 failure(s)
Postproc #2 [meta_schedule.RewriteReductionBlock(0x38358858)]: 0 failure(s)
Postproc #3 [meta_schedule.RewriteLayout(0x39d760a8)]: 0 failure(s)
2025-03-13 18:01:06 [INFO] [evolutionary_search.cc:723] Sampled 487 candidate(s)
2025-03-13 18:01:07 [INFO] [evolutionary_search.cc:621] Evolve iter #0 done. Summary:
Postproc #0 [meta_schedule.DisallowDynamicLoop(0x3851f648)]: 0 failure(s)
Postproc #1 [meta_schedule.RewriteParallelVectorizeUnroll(0x38358838)]: 0 failure(s)
Postproc #2 [meta_schedule.RewriteReductionBlock(0x38358858)]: 0 failure(s)
Postproc #3 [meta_schedule.RewriteLayout(0x39d760a8)]: 0 failure(s)
2025-03-13 18:01:07 [INFO] [evolutionary_search.cc:621] Evolve iter #1 done. Summary:
Postproc #0 [meta_schedule.DisallowDynamicLoop(0x3851f648)]: 0 failure(s)
Postproc #1 [meta_schedule.RewriteParallelVectorizeUnroll(0x38358838)]: 0 failure(s)
Postproc #2 [meta_schedule.RewriteReductionBlock(0x38358858)]: 0 failure(s)
Postproc #3 [meta_schedule.RewriteLayout(0x39d760a8)]: 0 failure(s)
2025-03-13 18:01:08 [INFO] [evolutionary_search.cc:621] Evolve iter #2 done. Summary:
Postproc #0 [meta_schedule.DisallowDynamicLoop(0x3851f648)]: 0 failure(s)
Postproc #1 [meta_schedule.RewriteParallelVectorizeUnroll(0x38358838)]: 0 failure(s)
Postproc #2 [meta_schedule.RewriteReductionBlock(0x38358858)]: 0 failure(s)
Postproc #3 [meta_schedule.RewriteLayout(0x39d760a8)]: 0 failure(s)
2025-03-13 18:01:09 [INFO] [evolutionary_search.cc:621] Evolve iter #3 done. Summary:
Postproc #0 [meta_schedule.DisallowDynamicLoop(0x3851f648)]: 0 failure(s)
Postproc #1 [meta_schedule.RewriteParallelVectorizeUnroll(0x38358838)]: 0 failure(s)
Postproc #2 [meta_schedule.RewriteReductionBlock(0x38358858)]: 0 failure(s)
Postproc #3 [meta_schedule.RewriteLayout(0x39d760a8)]: 0 failure(s)
2025-03-13 18:01:09 [INFO] [evolutionary_search.cc:649] Scores of the best 64 candidates:
[1 : 16]:	0.9998  0.9995  0.9968  0.9956  0.9951  0.9948  0.9947  0.9946  0.9941  0.9935  0.9935  0.9932  0.9927  0.9924  0.9921  0.9918
[17 : 32]:	0.9915  0.9912  0.9909  0.9906  0.9903  0.9891  0.9890  0.9889  0.9882  0.9881  0.9880  0.9873  0.9867  0.9863  0.9861  0.9848
[33 : 48]:	0.9847  0.9845  0.9843  0.9841  0.9841  0.9833  0.9830  0.9828  0.9826  0.9822  0.9801  0.9785  0.9785  0.9784  0.9783  0.9782
[49 : 64]:	0.9780  0.9777  0.9768  0.9765  0.9765  0.9763  0.9760  0.9760  0.9756  0.9752  0.9751  0.9748  0.9747  0.9741  0.9739  0.9737
2025-03-13 18:01:09 [INFO] [evolutionary_search.cc:727] Got 64 candidate(s) with evolutionary search
2025-03-13 18:01:09 [INFO] [evolutionary_search.cc:730] Sending 64 candidates(s) for measurement
2025-03-13 18:01:45 [INFO] [task_scheduler.cc:131] [Task #0: main] Trial #1: GFLOPs: 6.0320. Time: 6258.0898 us. Best GFLOPs: 6.0320
2025-03-13 18:01:45 [INFO] [task_scheduler.cc:131] [Task #0: main] Trial #2: GFLOPs: 5.7613. Time: 6552.1672 us. Best GFLOPs: 6.0320
2025-03-13 18:01:45 [INFO] [task_scheduler.cc:131] [Task #0: main] Trial #3: GFLOPs: 4.7991. Time: 7865.7796 us. Best GFLOPs: 6.0320
2025-03-13 18:01:45 [INFO] [task_scheduler.cc:131] [Task #0: main] Trial #4: GFLOPs: 1.3914. Time: 27130.9410 us. Best GFLOPs: 6.0320
2025-03-13 18:01:45 [INFO] [task_scheduler.cc:131] [Task #0: main] Trial #5: GFLOPs: 6.0133. Time: 6277.5249 us. Best GFLOPs: 6.0320
2025-03-13 18:01:45 [INFO] [task_scheduler.cc:131] [Task #0: main] Trial #6: GFLOPs: 3.8643. Time: 9768.6466 us. Best GFLOPs: 6.0320
2025-03-13 18:01:45 [INFO] [task_scheduler.cc:131] [Task #0: main] Trial #7: GFLOPs: 9.4270. Time: 4004.3103 us. Best GFLOPs: 9.4270
2025-03-13 18:01:45 [INFO] [task_scheduler.cc:131] [Task #0: main] Trial #8: GFLOPs: 10.0468. Time: 3757.2785 us. Best GFLOPs: 10.0468
2025-03-13 18:01:45 [INFO] [task_scheduler.cc:131] [Task #0: main] Trial #9: GFLOPs: 11.6263. Time: 3246.8462 us. Best GFLOPs: 11.6263
2025-03-13 18:01:45 [INFO] [task_scheduler.cc:131] [Task #0: main] Trial #10: GFLOPs: 3.8890. Time: 9706.5257 us. Best GFLOPs: 11.6263
2025-03-13 18:01:45 [INFO] [task_scheduler.cc:131] [Task #0: main] Trial #11: GFLOPs: 1.6039. Time: 23536.2268 us. Best GFLOPs: 11.6263
2025-03-13 18:01:45 [INFO] [task_scheduler.cc:131] [Task #0: main] Trial #12: GFLOPs: 7.5339. Time: 5010.4893 us. Best GFLOPs: 11.6263
2025-03-13 18:01:45 [INFO] [task_scheduler.cc:131] [Task #0: main] Trial #13: GFLOPs: 9.6979. Time: 3892.4475 us. Best GFLOPs: 11.6263
2025-03-13 18:01:45 [INFO] [task_scheduler.cc:131] [Task #0: main] Trial #14: GFLOPs: 8.1006. Time: 4659.9796 us. Best GFLOPs: 11.6263
2025-03-13 18:01:45 [INFO] [task_scheduler.cc:131] [Task #0: main] Trial #15: GFLOPs: 3.0394. Time: 12419.8903 us. Best GFLOPs: 11.6263
2025-03-13 18:01:45 [INFO] [task_scheduler.cc:131] [Task #0: main] Trial #16: GFLOPs: 4.0348. Time: 9355.8178 us. Best GFLOPs: 11.6263
2025-03-13 18:01:45 [INFO] [task_scheduler.cc:131] [Task #0: main] Trial #17: GFLOPs: 4.4515. Time: 8479.9654 us. Best GFLOPs: 11.6263
2025-03-13 18:01:45 [INFO] [task_scheduler.cc:131] [Task #0: main] Trial #18: GFLOPs: 1.4438. Time: 26145.1997 us. Best GFLOPs: 11.6263
2025-03-13 18:01:45 [INFO] [task_scheduler.cc:131] [Task #0: main] Trial #19: GFLOPs: 11.8020. Time: 3198.4953 us. Best GFLOPs: 11.8020
2025-03-13 18:01:45 [INFO] [task_scheduler.cc:131] [Task #0: main] Trial #20: GFLOPs: 2.8032. Time: 13466.4707 us. Best GFLOPs: 11.8020
2025-03-13 18:01:45 [INFO] [task_scheduler.cc:131] [Task #0: main] Trial #21: GFLOPs: 10.5481. Time: 3578.7406 us. Best GFLOPs: 11.8020
2025-03-13 18:01:45 [INFO] [task_scheduler.cc:131] [Task #0: main] Trial #22: GFLOPs: 8.4033. Time: 4492.1299 us. Best GFLOPs: 11.8020
2025-03-13 18:01:45 [INFO] [task_scheduler.cc:131] [Task #0: main] Trial #23: GFLOPs: 14.1844. Time: 2661.2886 us. Best GFLOPs: 14.1844
2025-03-13 18:01:45 [INFO] [task_scheduler.cc:131] [Task #0: main] Trial #24: GFLOPs: 11.7069. Time: 3224.4862 us. Best GFLOPs: 14.1844
2025-03-13 18:01:45 [INFO] [task_scheduler.cc:131] [Task #0: main] Trial #25: GFLOPs: 10.3961. Time: 3631.0447 us. Best GFLOPs: 14.1844
2025-03-13 18:01:45 [INFO] [task_scheduler.cc:131] [Task #0: main] Trial #26: GFLOPs: 9.8028. Time: 3850.7966 us. Best GFLOPs: 14.1844
2025-03-13 18:01:45 [INFO] [task_scheduler.cc:131] [Task #0: main] Trial #27: GFLOPs: 6.4948. Time: 5812.1484 us. Best GFLOPs: 14.1844
2025-03-13 18:01:45 [INFO] [task_scheduler.cc:131] [Task #0: main] Trial #28: GFLOPs: 9.6586. Time: 3908.3107 us. Best GFLOPs: 14.1844
2025-03-13 18:01:45 [INFO] [task_scheduler.cc:131] [Task #0: main] Trial #29: GFLOPs: 12.2764. Time: 3074.9091 us. Best GFLOPs: 14.1844
2025-03-13 18:01:45 [INFO] [task_scheduler.cc:131] [Task #0: main] Trial #30: GFLOPs: 17.4951. Time: 2157.6799 us. Best GFLOPs: 17.4951
2025-03-13 18:01:45 [INFO] [task_scheduler.cc:131] [Task #0: main] Trial #31: GFLOPs: 12.1514. Time: 3106.5270 us. Best GFLOPs: 17.4951
2025-03-13 18:01:45 [INFO] [task_scheduler.cc:131] [Task #0: main] Trial #32: GFLOPs: 11.3129. Time: 3336.7823 us. Best GFLOPs: 17.4951
2025-03-13 18:01:45 [INFO] [task_scheduler.cc:131] [Task #0: main] Trial #33: GFLOPs: 9.7373. Time: 3876.7249 us. Best GFLOPs: 17.4951
2025-03-13 18:01:45 [INFO] [task_scheduler.cc:131] [Task #0: main] Trial #34: GFLOPs: 15.3314. Time: 2462.1767 us. Best GFLOPs: 17.4951
2025-03-13 18:01:45 [INFO] [task_scheduler.cc:131] [Task #0: main] Trial #35: GFLOPs: 15.9032. Time: 2373.6571 us. Best GFLOPs: 17.4951
2025-03-13 18:01:45 [INFO] [task_scheduler.cc:131] [Task #0: main] Trial #36: GFLOPs: 11.1767. Time: 3377.4617 us. Best GFLOPs: 17.4951
2025-03-13 18:01:45 [INFO] [task_scheduler.cc:131] [Task #0: main] Trial #37: GFLOPs: 9.3060. Time: 4056.3974 us. Best GFLOPs: 17.4951
2025-03-13 18:01:45 [INFO] [task_scheduler.cc:131] [Task #0: main] Trial #38: GFLOPs: 14.8996. Time: 2533.5462 us. Best GFLOPs: 17.4951
2025-03-13 18:01:45 [INFO] [task_scheduler.cc:131] [Task #0: main] Trial #39: GFLOPs: 4.8215. Time: 7829.2121 us. Best GFLOPs: 17.4951
2025-03-13 18:01:45 [INFO] [task_scheduler.cc:131] [Task #0: main] Trial #40: GFLOPs: 4.5413. Time: 8312.3315 us. Best GFLOPs: 17.4951
2025-03-13 18:01:45 [INFO] [task_scheduler.cc:131] [Task #0: main] Trial #41: GFLOPs: 8.9303. Time: 4227.0193 us. Best GFLOPs: 17.4951
2025-03-13 18:01:45 [INFO] [task_scheduler.cc:131] [Task #0: main] Trial #42: GFLOPs: 9.4683. Time: 3986.8464 us. Best GFLOPs: 17.4951
2025-03-13 18:01:45 [INFO] [task_scheduler.cc:131] [Task #0: main] Trial #43: GFLOPs: 11.3866. Time: 3315.1972 us. Best GFLOPs: 17.4951
2025-03-13 18:01:45 [INFO] [task_scheduler.cc:131] [Task #0: main] Trial #44: GFLOPs: 11.9968. Time: 3146.5604 us. Best GFLOPs: 17.4951
2025-03-13 18:01:45 [INFO] [task_scheduler.cc:131] [Task #0: main] Trial #45: GFLOPs: 6.8951. Time: 5474.7178 us. Best GFLOPs: 17.4951
2025-03-13 18:01:45 [INFO] [task_scheduler.cc:131] [Task #0: main] Trial #46: GFLOPs: 6.5000. Time: 5807.4795 us. Best GFLOPs: 17.4951
2025-03-13 18:01:45 [INFO] [task_scheduler.cc:131] [Task #0: main] Trial #47: GFLOPs: 13.7149. Time: 2752.3788 us. Best GFLOPs: 17.4951
2025-03-13 18:01:45 [INFO] [task_scheduler.cc:131] [Task #0: main] Trial #48: GFLOPs: 5.0573. Time: 7464.1628 us. Best GFLOPs: 17.4951
2025-03-13 18:01:45 [INFO] [task_scheduler.cc:131] [Task #0: main] Trial #49: GFLOPs: 6.1441. Time: 6143.9206 us. Best GFLOPs: 17.4951
2025-03-13 18:01:45 [INFO] [task_scheduler.cc:131] [Task #0: main] Trial #50: GFLOPs: 9.9149. Time: 3807.2617 us. Best GFLOPs: 17.4951
2025-03-13 18:01:45 [INFO] [task_scheduler.cc:131] [Task #0: main] Trial #51: GFLOPs: 5.9335. Time: 6362.0096 us. Best GFLOPs: 17.4951
2025-03-13 18:01:45 [INFO] [task_scheduler.cc:131] [Task #0: main] Trial #52: GFLOPs: 5.8012. Time: 6507.0445 us. Best GFLOPs: 17.4951
2025-03-13 18:01:45 [INFO] [task_scheduler.cc:131] [Task #0: main] Trial #53: GFLOPs: 15.0860. Time: 2502.2444 us. Best GFLOPs: 17.4951
2025-03-13 18:01:45 [INFO] [task_scheduler.cc:131] [Task #0: main] Trial #54: GFLOPs: 20.3721. Time: 1852.9581 us. Best GFLOPs: 20.3721
2025-03-13 18:01:45 [INFO] [task_scheduler.cc:131] [Task #0: main] Trial #55: GFLOPs: 12.7208. Time: 2967.4862 us. Best GFLOPs: 20.3721
2025-03-13 18:01:45 [INFO] [task_scheduler.cc:131] [Task #0: main] Trial #56: GFLOPs: 12.8920. Time: 2928.0843 us. Best GFLOPs: 20.3721
2025-03-13 18:01:45 [INFO] [task_scheduler.cc:131] [Task #0: main] Trial #57: GFLOPs: 3.5964. Time: 10496.1151 us. Best GFLOPs: 20.3721
2025-03-13 18:01:45 [INFO] [task_scheduler.cc:131] [Task #0: main] Trial #58: GFLOPs: 8.5730. Time: 4403.2250 us. Best GFLOPs: 20.3721
2025-03-13 18:01:45 [INFO] [task_scheduler.cc:131] [Task #0: main] Trial #59: GFLOPs: 16.0663. Time: 2349.5621 us. Best GFLOPs: 20.3721
2025-03-13 18:01:45 [INFO] [task_scheduler.cc:131] [Task #0: main] Trial #60: GFLOPs: 22.5815. Time: 1671.6644 us. Best GFLOPs: 22.5815
2025-03-13 18:01:45 [INFO] [task_scheduler.cc:131] [Task #0: main] Trial #61: GFLOPs: 9.5610. Time: 3948.2188 us. Best GFLOPs: 22.5815
2025-03-13 18:01:45 [INFO] [task_scheduler.cc:131] [Task #0: main] Trial #62: GFLOPs: 7.9101. Time: 4772.2124 us. Best GFLOPs: 22.5815
2025-03-13 18:01:45 [INFO] [task_scheduler.cc:131] [Task #0: main] Trial #63: GFLOPs: 13.7775. Time: 2739.8741 us. Best GFLOPs: 22.5815
2025-03-13 18:01:45 [INFO] [task_scheduler.cc:131] [Task #0: main] Trial #64: GFLOPs: 12.2244. Time: 3087.9715 us. Best GFLOPs: 22.5815
